I'm sorry, but errors were detected in your script. Please correct the
errors listed below, and try again.


File "game/episodes/interviewghosty/interviewghosty.rpy", line 580: end of line expected.
    show white with Dissolve(5.0) zorder 6
                                  ^

Ren'Py Version: Ren'Py 7.4.9.2142
Tue Oct 19 23:28:02 2021
